// Jest Snapshot v1, https://goo.gl/fbAQLP

exports[`NotFoundPage render Should match NotFoundPage component snapshot 1`] = `
ShallowWrapper {
  Symbol(enzyme.__root__): [Circular],
  Symbol(enzyme.__unrendered__): <NotFound />,
  Symbol(enzyme.__renderer__): Object {
    "batchedUpdates": [Function],
    "checkPropTypes": [Function],
    "getNode": [Function],
    "render": [Function],
    "simulateError": [Function],
    "simulateEvent": [Function],
    "unmount": [Function],
  },
  Symbol(enzyme.__node__): Object {
    "instance": null,
    "key": undefined,
    "nodeType": "function",
    "props": Object {
      "children": <div
        className="notFoundBackground"
      >
        <div
          className="notFoundContainer"
        >
          <div>
            <p
              className="errorHeader"
            >
              Error 404
            </p>
          </div>
          <div>
            <h2>
              Oops! It looks like this page was knocked out!
            </h2>
            <h4>
              Please check the URL and try again.
            </h4>
          </div>
        </div>
      </div>,
    },
    "ref": null,
    "rendered": Object {
      "instance": null,
      "key": undefined,
      "nodeType": "host",
      "props": Object {
        "children": <div
          className="notFoundContainer"
        >
          <div>
            <p
              className="errorHeader"
            >
              Error 404
            </p>
          </div>
          <div>
            <h2>
              Oops! It looks like this page was knocked out!
            </h2>
            <h4>
              Please check the URL and try again.
            </h4>
          </div>
        </div>,
        "className": "notFoundBackground",
      },
      "ref": null,
      "rendered": Object {
        "instance": null,
        "key": undefined,
        "nodeType": "host",
        "props": Object {
          "children": Array [
            <div>
              <p
                className="errorHeader"
              >
                Error 404
              </p>
            </div>,
            <div>
              <h2>
                Oops! It looks like this page was knocked out!
              </h2>
              <h4>
                Please check the URL and try again.
              </h4>
            </div>,
          ],
          "className": "notFoundContainer",
        },
        "ref": null,
        "rendered": Array [
          Object {
            "instance": null,
            "key": undefined,
            "nodeType": "host",
            "props": Object {
              "children": <p
                className="errorHeader"
              >
                Error 404
              </p>,
            },
            "ref": null,
            "rendered": Object {
              "instance": null,
              "key": undefined,
              "nodeType": "host",
              "props": Object {
                "children": "Error 404",
                "className": "errorHeader",
              },
              "ref": null,
              "rendered": "Error 404",
              "type": "p",
            },
            "type": "div",
          },
          Object {
            "instance": null,
            "key": undefined,
            "nodeType": "host",
            "props": Object {
              "children": Array [
                <h2>
                  Oops! It looks like this page was knocked out!
                </h2>,
                <h4>
                  Please check the URL and try again.
                </h4>,
              ],
            },
            "ref": null,
            "rendered": Array [
              Object {
                "instance": null,
                "key": undefined,
                "nodeType": "host",
                "props": Object {
                  "children": "Oops! It looks like this page was knocked out!",
                },
                "ref": null,
                "rendered": "Oops! It looks like this page was knocked out!",
                "type": "h2",
              },
              Object {
                "instance": null,
                "key": undefined,
                "nodeType": "host",
                "props": Object {
                  "children": "Please check the URL and try again.",
                },
                "ref": null,
                "rendered": "Please check the URL and try again.",
                "type": "h4",
              },
            ],
            "type": "div",
          },
        ],
        "type": "div",
      },
      "type": "div",
    },
    "type": [Function],
  },
  Symbol(enzyme.__nodes__): Array [
    Object {
      "instance": null,
      "key": undefined,
      "nodeType": "function",
      "props": Object {
        "children": <div
          className="notFoundBackground"
        >
          <div
            className="notFoundContainer"
          >
            <div>
              <p
                className="errorHeader"
              >
                Error 404
              </p>
            </div>
            <div>
              <h2>
                Oops! It looks like this page was knocked out!
              </h2>
              <h4>
                Please check the URL and try again.
              </h4>
            </div>
          </div>
        </div>,
      },
      "ref": null,
      "rendered": Object {
        "instance": null,
        "key": undefined,
        "nodeType": "host",
        "props": Object {
          "children": <div
            className="notFoundContainer"
          >
            <div>
              <p
                className="errorHeader"
              >
                Error 404
              </p>
            </div>
            <div>
              <h2>
                Oops! It looks like this page was knocked out!
              </h2>
              <h4>
                Please check the URL and try again.
              </h4>
            </div>
          </div>,
          "className": "notFoundBackground",
        },
        "ref": null,
        "rendered": Object {
          "instance": null,
          "key": undefined,
          "nodeType": "host",
          "props": Object {
            "children": Array [
              <div>
                <p
                  className="errorHeader"
                >
                  Error 404
                </p>
              </div>,
              <div>
                <h2>
                  Oops! It looks like this page was knocked out!
                </h2>
                <h4>
                  Please check the URL and try again.
                </h4>
              </div>,
            ],
            "className": "notFoundContainer",
          },
          "ref": null,
          "rendered": Array [
            Object {
              "instance": null,
              "key": undefined,
              "nodeType": "host",
              "props": Object {
                "children": <p
                  className="errorHeader"
                >
                  Error 404
                </p>,
              },
              "ref": null,
              "rendered": Object {
                "instance": null,
                "key": undefined,
                "nodeType": "host",
                "props": Object {
                  "children": "Error 404",
                  "className": "errorHeader",
                },
                "ref": null,
                "rendered": "Error 404",
                "type": "p",
              },
              "type": "div",
            },
            Object {
              "instance": null,
              "key": undefined,
              "nodeType": "host",
              "props": Object {
                "children": Array [
                  <h2>
                    Oops! It looks like this page was knocked out!
                  </h2>,
                  <h4>
                    Please check the URL and try again.
                  </h4>,
                ],
              },
              "ref": null,
              "rendered": Array [
                Object {
                  "instance": null,
                  "key": undefined,
                  "nodeType": "host",
                  "props": Object {
                    "children": "Oops! It looks like this page was knocked out!",
                  },
                  "ref": null,
                  "rendered": "Oops! It looks like this page was knocked out!",
                  "type": "h2",
                },
                Object {
                  "instance": null,
                  "key": undefined,
                  "nodeType": "host",
                  "props": Object {
                    "children": "Please check the URL and try again.",
                  },
                  "ref": null,
                  "rendered": "Please check the URL and try again.",
                  "type": "h4",
                },
              ],
              "type": "div",
            },
          ],
          "type": "div",
        },
        "type": "div",
      },
      "type": [Function],
    },
  ],
  Symbol(enzyme.__options__): Object {
    "adapter": ReactSixteenAdapter {
      "options": Object {
        "enableComponentDidUpdateOnSetState": true,
        "legacyContextMode": "parent",
        "lifecycles": Object {
          "componentDidUpdate": Object {
            "onSetState": true,
          },
          "getChildContext": Object {
            "calledByRenderer": false,
          },
          "getDerivedStateFromProps": Object {
            "hasShouldComponentUpdateBug": false,
          },
          "getSnapshotBeforeUpdate": true,
          "setState": Object {
            "skipsComponentDidUpdateOnNullish": true,
          },
        },
      },
    },
  },
}
`;
