// Jest Snapshot v1, https://goo.gl/fbAQLP

exports[`LoginPage render Should match LoginPage component snapshot 1`] = `
ShallowWrapper {
  Symbol(enzyme.__root__): [Circular],
  Symbol(enzyme.__unrendered__): <LoginPage />,
  Symbol(enzyme.__renderer__): Object {
    "batchedUpdates": [Function],
    "checkPropTypes": [Function],
    "getNode": [Function],
    "render": [Function],
    "simulateError": [Function],
    "simulateEvent": [Function],
    "unmount": [Function],
  },
  Symbol(enzyme.__node__): Object {
    "instance": null,
    "key": undefined,
    "nodeType": "function",
    "props": Object {
      "children": <Container
        className="loginContainer"
        tag="div"
      >
        <Row
          className="spacer"
          tag="div"
        >
          <Col
            tag="div"
            widths={
              Array [
                "xs",
                "sm",
                "md",
                "lg",
                "xl",
              ]
            }
          >
            <h2>
              Log in
            </h2>
          </Col>
        </Row>
        <Row
          tag="div"
        >
          <Col
            className="spacer"
            md="8"
            sm="12"
            tag="div"
            widths={
              Array [
                "xs",
                "sm",
                "md",
                "lg",
                "xl",
              ]
            }
          >
            <p>
              Sign in with your email and password.
            </p>
            <Form
              onSubmit={[Function]}
              tag="form"
            >
              <FormGroup
                row={true}
                tag="div"
              >
                <Label
                  for="email"
                  lg="2"
                  sm="3"
                  tag="label"
                  widths={
                    Array [
                      "xs",
                      "sm",
                      "md",
                      "lg",
                      "xl",
                    ]
                  }
                >
                  Email
                </Label>
                <Col
                  sm="6"
                  tag="div"
                  widths={
                    Array [
                      "xs",
                      "sm",
                      "md",
                      "lg",
                      "xl",
                    ]
                  }
                >
                  <Input
                    className=""
                    id="email"
                    onChange={[Function]}
                    placeholder="Email address"
                    required={true}
                    type="email"
                    value=""
                  />
                </Col>
              </FormGroup>
              <FormGroup
                className="spacer"
                row={true}
                tag="div"
              >
                <Label
                  for="password"
                  lg="2"
                  sm="3"
                  tag="label"
                  widths={
                    Array [
                      "xs",
                      "sm",
                      "md",
                      "lg",
                      "xl",
                    ]
                  }
                >
                  Password
                </Label>
                <Col
                  sm="6"
                  tag="div"
                  widths={
                    Array [
                      "xs",
                      "sm",
                      "md",
                      "lg",
                      "xl",
                    ]
                  }
                >
                  <Input
                    className=""
                    id="password"
                    minLength="8"
                    onChange={[Function]}
                    placeholder="Password"
                    required={true}
                    type="password"
                    value=""
                  />
                </Col>
              </FormGroup>
              <FormGroup
                className="spacer"
                tag="div"
              >
                <Button
                  className="loginButton"
                  color="secondary"
                  tag="button"
                >
                  Log in
                </Button>
              </FormGroup>
            </Form>
          </Col>
          <Col
            md="4"
            sm="12"
            tag="div"
            widths={
              Array [
                "xs",
                "sm",
                "md",
                "lg",
                "xl",
              ]
            }
          >
            <p>
              If you don't have an account you can make one now. It's free!
            </p>
            <Link
              replace={false}
              to="/account/create"
            >
              <Button
                className="loginButton"
                color="secondary"
                tag="button"
              >
                Create Account
              </Button>
            </Link>
          </Col>
        </Row>
      </Container>,
    },
    "ref": null,
    "rendered": Object {
      "instance": null,
      "key": undefined,
      "nodeType": "function",
      "props": Object {
        "children": Array [
          <Row
            className="spacer"
            tag="div"
          >
            <Col
              tag="div"
              widths={
                Array [
                  "xs",
                  "sm",
                  "md",
                  "lg",
                  "xl",
                ]
              }
            >
              <h2>
                Log in
              </h2>
            </Col>
          </Row>,
          <Row
            tag="div"
          >
            <Col
              className="spacer"
              md="8"
              sm="12"
              tag="div"
              widths={
                Array [
                  "xs",
                  "sm",
                  "md",
                  "lg",
                  "xl",
                ]
              }
            >
              <p>
                Sign in with your email and password.
              </p>
              <Form
                onSubmit={[Function]}
                tag="form"
              >
                <FormGroup
                  row={true}
                  tag="div"
                >
                  <Label
                    for="email"
                    lg="2"
                    sm="3"
                    tag="label"
                    widths={
                      Array [
                        "xs",
                        "sm",
                        "md",
                        "lg",
                        "xl",
                      ]
                    }
                  >
                    Email
                  </Label>
                  <Col
                    sm="6"
                    tag="div"
                    widths={
                      Array [
                        "xs",
                        "sm",
                        "md",
                        "lg",
                        "xl",
                      ]
                    }
                  >
                    <Input
                      className=""
                      id="email"
                      onChange={[Function]}
                      placeholder="Email address"
                      required={true}
                      type="email"
                      value=""
                    />
                  </Col>
                </FormGroup>
                <FormGroup
                  className="spacer"
                  row={true}
                  tag="div"
                >
                  <Label
                    for="password"
                    lg="2"
                    sm="3"
                    tag="label"
                    widths={
                      Array [
                        "xs",
                        "sm",
                        "md",
                        "lg",
                        "xl",
                      ]
                    }
                  >
                    Password
                  </Label>
                  <Col
                    sm="6"
                    tag="div"
                    widths={
                      Array [
                        "xs",
                        "sm",
                        "md",
                        "lg",
                        "xl",
                      ]
                    }
                  >
                    <Input
                      className=""
                      id="password"
                      minLength="8"
                      onChange={[Function]}
                      placeholder="Password"
                      required={true}
                      type="password"
                      value=""
                    />
                  </Col>
                </FormGroup>
                <FormGroup
                  className="spacer"
                  tag="div"
                >
                  <Button
                    className="loginButton"
                    color="secondary"
                    tag="button"
                  >
                    Log in
                  </Button>
                </FormGroup>
              </Form>
            </Col>
            <Col
              md="4"
              sm="12"
              tag="div"
              widths={
                Array [
                  "xs",
                  "sm",
                  "md",
                  "lg",
                  "xl",
                ]
              }
            >
              <p>
                If you don't have an account you can make one now. It's free!
              </p>
              <Link
                replace={false}
                to="/account/create"
              >
                <Button
                  className="loginButton"
                  color="secondary"
                  tag="button"
                >
                  Create Account
                </Button>
              </Link>
            </Col>
          </Row>,
        ],
        "className": "loginContainer",
        "tag": "div",
      },
      "ref": null,
      "rendered": Array [
        Object {
          "instance": null,
          "key": undefined,
          "nodeType": "function",
          "props": Object {
            "children": <Col
              tag="div"
              widths={
                Array [
                  "xs",
                  "sm",
                  "md",
                  "lg",
                  "xl",
                ]
              }
            >
              <h2>
                Log in
              </h2>
            </Col>,
            "className": "spacer",
            "tag": "div",
          },
          "ref": null,
          "rendered": Object {
            "instance": null,
            "key": undefined,
            "nodeType": "function",
            "props": Object {
              "children": <h2>
                Log in
              </h2>,
              "tag": "div",
              "widths": Array [
                "xs",
                "sm",
                "md",
                "lg",
                "xl",
              ],
            },
            "ref": null,
            "rendered": Object {
              "instance": null,
              "key": undefined,
              "nodeType": "host",
              "props": Object {
                "children": "Log in",
              },
              "ref": null,
              "rendered": "Log in",
              "type": "h2",
            },
            "type": [Function],
          },
          "type": [Function],
        },
        Object {
          "instance": null,
          "key": undefined,
          "nodeType": "function",
          "props": Object {
            "children": Array [
              <Col
                className="spacer"
                md="8"
                sm="12"
                tag="div"
                widths={
                  Array [
                    "xs",
                    "sm",
                    "md",
                    "lg",
                    "xl",
                  ]
                }
              >
                <p>
                  Sign in with your email and password.
                </p>
                <Form
                  onSubmit={[Function]}
                  tag="form"
                >
                  <FormGroup
                    row={true}
                    tag="div"
                  >
                    <Label
                      for="email"
                      lg="2"
                      sm="3"
                      tag="label"
                      widths={
                        Array [
                          "xs",
                          "sm",
                          "md",
                          "lg",
                          "xl",
                        ]
                      }
                    >
                      Email
                    </Label>
                    <Col
                      sm="6"
                      tag="div"
                      widths={
                        Array [
                          "xs",
                          "sm",
                          "md",
                          "lg",
                          "xl",
                        ]
                      }
                    >
                      <Input
                        className=""
                        id="email"
                        onChange={[Function]}
                        placeholder="Email address"
                        required={true}
                        type="email"
                        value=""
                      />
                    </Col>
                  </FormGroup>
                  <FormGroup
                    className="spacer"
                    row={true}
                    tag="div"
                  >
                    <Label
                      for="password"
                      lg="2"
                      sm="3"
                      tag="label"
                      widths={
                        Array [
                          "xs",
                          "sm",
                          "md",
                          "lg",
                          "xl",
                        ]
                      }
                    >
                      Password
                    </Label>
                    <Col
                      sm="6"
                      tag="div"
                      widths={
                        Array [
                          "xs",
                          "sm",
                          "md",
                          "lg",
                          "xl",
                        ]
                      }
                    >
                      <Input
                        className=""
                        id="password"
                        minLength="8"
                        onChange={[Function]}
                        placeholder="Password"
                        required={true}
                        type="password"
                        value=""
                      />
                    </Col>
                  </FormGroup>
                  <FormGroup
                    className="spacer"
                    tag="div"
                  >
                    <Button
                      className="loginButton"
                      color="secondary"
                      tag="button"
                    >
                      Log in
                    </Button>
                  </FormGroup>
                </Form>
              </Col>,
              <Col
                md="4"
                sm="12"
                tag="div"
                widths={
                  Array [
                    "xs",
                    "sm",
                    "md",
                    "lg",
                    "xl",
                  ]
                }
              >
                <p>
                  If you don't have an account you can make one now. It's free!
                </p>
                <Link
                  replace={false}
                  to="/account/create"
                >
                  <Button
                    className="loginButton"
                    color="secondary"
                    tag="button"
                  >
                    Create Account
                  </Button>
                </Link>
              </Col>,
            ],
            "tag": "div",
          },
          "ref": null,
          "rendered": Array [
            Object {
              "instance": null,
              "key": undefined,
              "nodeType": "function",
              "props": Object {
                "children": Array [
                  <p>
                    Sign in with your email and password.
                  </p>,
                  <Form
                    onSubmit={[Function]}
                    tag="form"
                  >
                    <FormGroup
                      row={true}
                      tag="div"
                    >
                      <Label
                        for="email"
                        lg="2"
                        sm="3"
                        tag="label"
                        widths={
                          Array [
                            "xs",
                            "sm",
                            "md",
                            "lg",
                            "xl",
                          ]
                        }
                      >
                        Email
                      </Label>
                      <Col
                        sm="6"
                        tag="div"
                        widths={
                          Array [
                            "xs",
                            "sm",
                            "md",
                            "lg",
                            "xl",
                          ]
                        }
                      >
                        <Input
                          className=""
                          id="email"
                          onChange={[Function]}
                          placeholder="Email address"
                          required={true}
                          type="email"
                          value=""
                        />
                      </Col>
                    </FormGroup>
                    <FormGroup
                      className="spacer"
                      row={true}
                      tag="div"
                    >
                      <Label
                        for="password"
                        lg="2"
                        sm="3"
                        tag="label"
                        widths={
                          Array [
                            "xs",
                            "sm",
                            "md",
                            "lg",
                            "xl",
                          ]
                        }
                      >
                        Password
                      </Label>
                      <Col
                        sm="6"
                        tag="div"
                        widths={
                          Array [
                            "xs",
                            "sm",
                            "md",
                            "lg",
                            "xl",
                          ]
                        }
                      >
                        <Input
                          className=""
                          id="password"
                          minLength="8"
                          onChange={[Function]}
                          placeholder="Password"
                          required={true}
                          type="password"
                          value=""
                        />
                      </Col>
                    </FormGroup>
                    <FormGroup
                      className="spacer"
                      tag="div"
                    >
                      <Button
                        className="loginButton"
                        color="secondary"
                        tag="button"
                      >
                        Log in
                      </Button>
                    </FormGroup>
                  </Form>,
                ],
                "className": "spacer",
                "md": "8",
                "sm": "12",
                "tag": "div",
                "widths": Array [
                  "xs",
                  "sm",
                  "md",
                  "lg",
                  "xl",
                ],
              },
              "ref": null,
              "rendered": Array [
                Object {
                  "instance": null,
                  "key": undefined,
                  "nodeType": "host",
                  "props": Object {
                    "children": "Sign in with your email and password.",
                  },
                  "ref": null,
                  "rendered": "Sign in with your email and password.",
                  "type": "p",
                },
                Object {
                  "instance": null,
                  "key": undefined,
                  "nodeType": "class",
                  "props": Object {
                    "children": Array [
                      <FormGroup
                        row={true}
                        tag="div"
                      >
                        <Label
                          for="email"
                          lg="2"
                          sm="3"
                          tag="label"
                          widths={
                            Array [
                              "xs",
                              "sm",
                              "md",
                              "lg",
                              "xl",
                            ]
                          }
                        >
                          Email
                        </Label>
                        <Col
                          sm="6"
                          tag="div"
                          widths={
                            Array [
                              "xs",
                              "sm",
                              "md",
                              "lg",
                              "xl",
                            ]
                          }
                        >
                          <Input
                            className=""
                            id="email"
                            onChange={[Function]}
                            placeholder="Email address"
                            required={true}
                            type="email"
                            value=""
                          />
                        </Col>
                      </FormGroup>,
                      <FormGroup
                        className="spacer"
                        row={true}
                        tag="div"
                      >
                        <Label
                          for="password"
                          lg="2"
                          sm="3"
                          tag="label"
                          widths={
                            Array [
                              "xs",
                              "sm",
                              "md",
                              "lg",
                              "xl",
                            ]
                          }
                        >
                          Password
                        </Label>
                        <Col
                          sm="6"
                          tag="div"
                          widths={
                            Array [
                              "xs",
                              "sm",
                              "md",
                              "lg",
                              "xl",
                            ]
                          }
                        >
                          <Input
                            className=""
                            id="password"
                            minLength="8"
                            onChange={[Function]}
                            placeholder="Password"
                            required={true}
                            type="password"
                            value=""
                          />
                        </Col>
                      </FormGroup>,
                      <FormGroup
                        className="spacer"
                        tag="div"
                      >
                        <Button
                          className="loginButton"
                          color="secondary"
                          tag="button"
                        >
                          Log in
                        </Button>
                      </FormGroup>,
                    ],
                    "onSubmit": [Function],
                    "tag": "form",
                  },
                  "ref": null,
                  "rendered": Array [
                    Object {
                      "instance": null,
                      "key": undefined,
                      "nodeType": "function",
                      "props": Object {
                        "children": Array [
                          <Label
                            for="email"
                            lg="2"
                            sm="3"
                            tag="label"
                            widths={
                              Array [
                                "xs",
                                "sm",
                                "md",
                                "lg",
                                "xl",
                              ]
                            }
                          >
                            Email
                          </Label>,
                          <Col
                            sm="6"
                            tag="div"
                            widths={
                              Array [
                                "xs",
                                "sm",
                                "md",
                                "lg",
                                "xl",
                              ]
                            }
                          >
                            <Input
                              className=""
                              id="email"
                              onChange={[Function]}
                              placeholder="Email address"
                              required={true}
                              type="email"
                              value=""
                            />
                          </Col>,
                        ],
                        "row": true,
                        "tag": "div",
                      },
                      "ref": null,
                      "rendered": Array [
                        Object {
                          "instance": null,
                          "key": undefined,
                          "nodeType": "function",
                          "props": Object {
                            "children": "Email",
                            "for": "email",
                            "lg": "2",
                            "sm": "3",
                            "tag": "label",
                            "widths": Array [
                              "xs",
                              "sm",
                              "md",
                              "lg",
                              "xl",
                            ],
                          },
                          "ref": null,
                          "rendered": "Email",
                          "type": [Function],
                        },
                        Object {
                          "instance": null,
                          "key": undefined,
                          "nodeType": "function",
                          "props": Object {
                            "children": <Input
                              className=""
                              id="email"
                              onChange={[Function]}
                              placeholder="Email address"
                              required={true}
                              type="email"
                              value=""
                            />,
                            "sm": "6",
                            "tag": "div",
                            "widths": Array [
                              "xs",
                              "sm",
                              "md",
                              "lg",
                              "xl",
                            ],
                          },
                          "ref": null,
                          "rendered": Object {
                            "instance": null,
                            "key": undefined,
                            "nodeType": "class",
                            "props": Object {
                              "className": "",
                              "id": "email",
                              "onChange": [Function],
                              "placeholder": "Email address",
                              "required": true,
                              "type": "email",
                              "value": "",
                            },
                            "ref": null,
                            "rendered": null,
                            "type": [Function],
                          },
                          "type": [Function],
                        },
                      ],
                      "type": [Function],
                    },
                    Object {
                      "instance": null,
                      "key": undefined,
                      "nodeType": "function",
                      "props": Object {
                        "children": Array [
                          <Label
                            for="password"
                            lg="2"
                            sm="3"
                            tag="label"
                            widths={
                              Array [
                                "xs",
                                "sm",
                                "md",
                                "lg",
                                "xl",
                              ]
                            }
                          >
                            Password
                          </Label>,
                          <Col
                            sm="6"
                            tag="div"
                            widths={
                              Array [
                                "xs",
                                "sm",
                                "md",
                                "lg",
                                "xl",
                              ]
                            }
                          >
                            <Input
                              className=""
                              id="password"
                              minLength="8"
                              onChange={[Function]}
                              placeholder="Password"
                              required={true}
                              type="password"
                              value=""
                            />
                          </Col>,
                        ],
                        "className": "spacer",
                        "row": true,
                        "tag": "div",
                      },
                      "ref": null,
                      "rendered": Array [
                        Object {
                          "instance": null,
                          "key": undefined,
                          "nodeType": "function",
                          "props": Object {
                            "children": "Password",
                            "for": "password",
                            "lg": "2",
                            "sm": "3",
                            "tag": "label",
                            "widths": Array [
                              "xs",
                              "sm",
                              "md",
                              "lg",
                              "xl",
                            ],
                          },
                          "ref": null,
                          "rendered": "Password",
                          "type": [Function],
                        },
                        Object {
                          "instance": null,
                          "key": undefined,
                          "nodeType": "function",
                          "props": Object {
                            "children": <Input
                              className=""
                              id="password"
                              minLength="8"
                              onChange={[Function]}
                              placeholder="Password"
                              required={true}
                              type="password"
                              value=""
                            />,
                            "sm": "6",
                            "tag": "div",
                            "widths": Array [
                              "xs",
                              "sm",
                              "md",
                              "lg",
                              "xl",
                            ],
                          },
                          "ref": null,
                          "rendered": Object {
                            "instance": null,
                            "key": undefined,
                            "nodeType": "class",
                            "props": Object {
                              "className": "",
                              "id": "password",
                              "minLength": "8",
                              "onChange": [Function],
                              "placeholder": "Password",
                              "required": true,
                              "type": "password",
                              "value": "",
                            },
                            "ref": null,
                            "rendered": null,
                            "type": [Function],
                          },
                          "type": [Function],
                        },
                      ],
                      "type": [Function],
                    },
                    Object {
                      "instance": null,
                      "key": undefined,
                      "nodeType": "function",
                      "props": Object {
                        "children": <Button
                          className="loginButton"
                          color="secondary"
                          tag="button"
                        >
                          Log in
                        </Button>,
                        "className": "spacer",
                        "tag": "div",
                      },
                      "ref": null,
                      "rendered": Object {
                        "instance": null,
                        "key": undefined,
                        "nodeType": "class",
                        "props": Object {
                          "children": "Log in",
                          "className": "loginButton",
                          "color": "secondary",
                          "tag": "button",
                        },
                        "ref": null,
                        "rendered": "Log in",
                        "type": [Function],
                      },
                      "type": [Function],
                    },
                  ],
                  "type": [Function],
                },
              ],
              "type": [Function],
            },
            Object {
              "instance": null,
              "key": undefined,
              "nodeType": "function",
              "props": Object {
                "children": Array [
                  <p>
                    If you don't have an account you can make one now. It's free!
                  </p>,
                  <Link
                    replace={false}
                    to="/account/create"
                  >
                    <Button
                      className="loginButton"
                      color="secondary"
                      tag="button"
                    >
                      Create Account
                    </Button>
                  </Link>,
                ],
                "md": "4",
                "sm": "12",
                "tag": "div",
                "widths": Array [
                  "xs",
                  "sm",
                  "md",
                  "lg",
                  "xl",
                ],
              },
              "ref": null,
              "rendered": Array [
                Object {
                  "instance": null,
                  "key": undefined,
                  "nodeType": "host",
                  "props": Object {
                    "children": "If you don't have an account you can make one now. It's free!",
                  },
                  "ref": null,
                  "rendered": "If you don't have an account you can make one now. It's free!",
                  "type": "p",
                },
                Object {
                  "instance": null,
                  "key": undefined,
                  "nodeType": "class",
                  "props": Object {
                    "children": <Button
                      className="loginButton"
                      color="secondary"
                      tag="button"
                    >
                      Create Account
                    </Button>,
                    "replace": false,
                    "to": "/account/create",
                  },
                  "ref": null,
                  "rendered": Object {
                    "instance": null,
                    "key": undefined,
                    "nodeType": "class",
                    "props": Object {
                      "children": "Create Account",
                      "className": "loginButton",
                      "color": "secondary",
                      "tag": "button",
                    },
                    "ref": null,
                    "rendered": "Create Account",
                    "type": [Function],
                  },
                  "type": [Function],
                },
              ],
              "type": [Function],
            },
          ],
          "type": [Function],
        },
      ],
      "type": [Function],
    },
    "type": [Function],
  },
  Symbol(enzyme.__nodes__): Array [
    Object {
      "instance": null,
      "key": undefined,
      "nodeType": "function",
      "props": Object {
        "children": <Container
          className="loginContainer"
          tag="div"
        >
          <Row
            className="spacer"
            tag="div"
          >
            <Col
              tag="div"
              widths={
                Array [
                  "xs",
                  "sm",
                  "md",
                  "lg",
                  "xl",
                ]
              }
            >
              <h2>
                Log in
              </h2>
            </Col>
          </Row>
          <Row
            tag="div"
          >
            <Col
              className="spacer"
              md="8"
              sm="12"
              tag="div"
              widths={
                Array [
                  "xs",
                  "sm",
                  "md",
                  "lg",
                  "xl",
                ]
              }
            >
              <p>
                Sign in with your email and password.
              </p>
              <Form
                onSubmit={[Function]}
                tag="form"
              >
                <FormGroup
                  row={true}
                  tag="div"
                >
                  <Label
                    for="email"
                    lg="2"
                    sm="3"
                    tag="label"
                    widths={
                      Array [
                        "xs",
                        "sm",
                        "md",
                        "lg",
                        "xl",
                      ]
                    }
                  >
                    Email
                  </Label>
                  <Col
                    sm="6"
                    tag="div"
                    widths={
                      Array [
                        "xs",
                        "sm",
                        "md",
                        "lg",
                        "xl",
                      ]
                    }
                  >
                    <Input
                      className=""
                      id="email"
                      onChange={[Function]}
                      placeholder="Email address"
                      required={true}
                      type="email"
                      value=""
                    />
                  </Col>
                </FormGroup>
                <FormGroup
                  className="spacer"
                  row={true}
                  tag="div"
                >
                  <Label
                    for="password"
                    lg="2"
                    sm="3"
                    tag="label"
                    widths={
                      Array [
                        "xs",
                        "sm",
                        "md",
                        "lg",
                        "xl",
                      ]
                    }
                  >
                    Password
                  </Label>
                  <Col
                    sm="6"
                    tag="div"
                    widths={
                      Array [
                        "xs",
                        "sm",
                        "md",
                        "lg",
                        "xl",
                      ]
                    }
                  >
                    <Input
                      className=""
                      id="password"
                      minLength="8"
                      onChange={[Function]}
                      placeholder="Password"
                      required={true}
                      type="password"
                      value=""
                    />
                  </Col>
                </FormGroup>
                <FormGroup
                  className="spacer"
                  tag="div"
                >
                  <Button
                    className="loginButton"
                    color="secondary"
                    tag="button"
                  >
                    Log in
                  </Button>
                </FormGroup>
              </Form>
            </Col>
            <Col
              md="4"
              sm="12"
              tag="div"
              widths={
                Array [
                  "xs",
                  "sm",
                  "md",
                  "lg",
                  "xl",
                ]
              }
            >
              <p>
                If you don't have an account you can make one now. It's free!
              </p>
              <Link
                replace={false}
                to="/account/create"
              >
                <Button
                  className="loginButton"
                  color="secondary"
                  tag="button"
                >
                  Create Account
                </Button>
              </Link>
            </Col>
          </Row>
        </Container>,
      },
      "ref": null,
      "rendered": Object {
        "instance": null,
        "key": undefined,
        "nodeType": "function",
        "props": Object {
          "children": Array [
            <Row
              className="spacer"
              tag="div"
            >
              <Col
                tag="div"
                widths={
                  Array [
                    "xs",
                    "sm",
                    "md",
                    "lg",
                    "xl",
                  ]
                }
              >
                <h2>
                  Log in
                </h2>
              </Col>
            </Row>,
            <Row
              tag="div"
            >
              <Col
                className="spacer"
                md="8"
                sm="12"
                tag="div"
                widths={
                  Array [
                    "xs",
                    "sm",
                    "md",
                    "lg",
                    "xl",
                  ]
                }
              >
                <p>
                  Sign in with your email and password.
                </p>
                <Form
                  onSubmit={[Function]}
                  tag="form"
                >
                  <FormGroup
                    row={true}
                    tag="div"
                  >
                    <Label
                      for="email"
                      lg="2"
                      sm="3"
                      tag="label"
                      widths={
                        Array [
                          "xs",
                          "sm",
                          "md",
                          "lg",
                          "xl",
                        ]
                      }
                    >
                      Email
                    </Label>
                    <Col
                      sm="6"
                      tag="div"
                      widths={
                        Array [
                          "xs",
                          "sm",
                          "md",
                          "lg",
                          "xl",
                        ]
                      }
                    >
                      <Input
                        className=""
                        id="email"
                        onChange={[Function]}
                        placeholder="Email address"
                        required={true}
                        type="email"
                        value=""
                      />
                    </Col>
                  </FormGroup>
                  <FormGroup
                    className="spacer"
                    row={true}
                    tag="div"
                  >
                    <Label
                      for="password"
                      lg="2"
                      sm="3"
                      tag="label"
                      widths={
                        Array [
                          "xs",
                          "sm",
                          "md",
                          "lg",
                          "xl",
                        ]
                      }
                    >
                      Password
                    </Label>
                    <Col
                      sm="6"
                      tag="div"
                      widths={
                        Array [
                          "xs",
                          "sm",
                          "md",
                          "lg",
                          "xl",
                        ]
                      }
                    >
                      <Input
                        className=""
                        id="password"
                        minLength="8"
                        onChange={[Function]}
                        placeholder="Password"
                        required={true}
                        type="password"
                        value=""
                      />
                    </Col>
                  </FormGroup>
                  <FormGroup
                    className="spacer"
                    tag="div"
                  >
                    <Button
                      className="loginButton"
                      color="secondary"
                      tag="button"
                    >
                      Log in
                    </Button>
                  </FormGroup>
                </Form>
              </Col>
              <Col
                md="4"
                sm="12"
                tag="div"
                widths={
                  Array [
                    "xs",
                    "sm",
                    "md",
                    "lg",
                    "xl",
                  ]
                }
              >
                <p>
                  If you don't have an account you can make one now. It's free!
                </p>
                <Link
                  replace={false}
                  to="/account/create"
                >
                  <Button
                    className="loginButton"
                    color="secondary"
                    tag="button"
                  >
                    Create Account
                  </Button>
                </Link>
              </Col>
            </Row>,
          ],
          "className": "loginContainer",
          "tag": "div",
        },
        "ref": null,
        "rendered": Array [
          Object {
            "instance": null,
            "key": undefined,
            "nodeType": "function",
            "props": Object {
              "children": <Col
                tag="div"
                widths={
                  Array [
                    "xs",
                    "sm",
                    "md",
                    "lg",
                    "xl",
                  ]
                }
              >
                <h2>
                  Log in
                </h2>
              </Col>,
              "className": "spacer",
              "tag": "div",
            },
            "ref": null,
            "rendered": Object {
              "instance": null,
              "key": undefined,
              "nodeType": "function",
              "props": Object {
                "children": <h2>
                  Log in
                </h2>,
                "tag": "div",
                "widths": Array [
                  "xs",
                  "sm",
                  "md",
                  "lg",
                  "xl",
                ],
              },
              "ref": null,
              "rendered": Object {
                "instance": null,
                "key": undefined,
                "nodeType": "host",
                "props": Object {
                  "children": "Log in",
                },
                "ref": null,
                "rendered": "Log in",
                "type": "h2",
              },
              "type": [Function],
            },
            "type": [Function],
          },
          Object {
            "instance": null,
            "key": undefined,
            "nodeType": "function",
            "props": Object {
              "children": Array [
                <Col
                  className="spacer"
                  md="8"
                  sm="12"
                  tag="div"
                  widths={
                    Array [
                      "xs",
                      "sm",
                      "md",
                      "lg",
                      "xl",
                    ]
                  }
                >
                  <p>
                    Sign in with your email and password.
                  </p>
                  <Form
                    onSubmit={[Function]}
                    tag="form"
                  >
                    <FormGroup
                      row={true}
                      tag="div"
                    >
                      <Label
                        for="email"
                        lg="2"
                        sm="3"
                        tag="label"
                        widths={
                          Array [
                            "xs",
                            "sm",
                            "md",
                            "lg",
                            "xl",
                          ]
                        }
                      >
                        Email
                      </Label>
                      <Col
                        sm="6"
                        tag="div"
                        widths={
                          Array [
                            "xs",
                            "sm",
                            "md",
                            "lg",
                            "xl",
                          ]
                        }
                      >
                        <Input
                          className=""
                          id="email"
                          onChange={[Function]}
                          placeholder="Email address"
                          required={true}
                          type="email"
                          value=""
                        />
                      </Col>
                    </FormGroup>
                    <FormGroup
                      className="spacer"
                      row={true}
                      tag="div"
                    >
                      <Label
                        for="password"
                        lg="2"
                        sm="3"
                        tag="label"
                        widths={
                          Array [
                            "xs",
                            "sm",
                            "md",
                            "lg",
                            "xl",
                          ]
                        }
                      >
                        Password
                      </Label>
                      <Col
                        sm="6"
                        tag="div"
                        widths={
                          Array [
                            "xs",
                            "sm",
                            "md",
                            "lg",
                            "xl",
                          ]
                        }
                      >
                        <Input
                          className=""
                          id="password"
                          minLength="8"
                          onChange={[Function]}
                          placeholder="Password"
                          required={true}
                          type="password"
                          value=""
                        />
                      </Col>
                    </FormGroup>
                    <FormGroup
                      className="spacer"
                      tag="div"
                    >
                      <Button
                        className="loginButton"
                        color="secondary"
                        tag="button"
                      >
                        Log in
                      </Button>
                    </FormGroup>
                  </Form>
                </Col>,
                <Col
                  md="4"
                  sm="12"
                  tag="div"
                  widths={
                    Array [
                      "xs",
                      "sm",
                      "md",
                      "lg",
                      "xl",
                    ]
                  }
                >
                  <p>
                    If you don't have an account you can make one now. It's free!
                  </p>
                  <Link
                    replace={false}
                    to="/account/create"
                  >
                    <Button
                      className="loginButton"
                      color="secondary"
                      tag="button"
                    >
                      Create Account
                    </Button>
                  </Link>
                </Col>,
              ],
              "tag": "div",
            },
            "ref": null,
            "rendered": Array [
              Object {
                "instance": null,
                "key": undefined,
                "nodeType": "function",
                "props": Object {
                  "children": Array [
                    <p>
                      Sign in with your email and password.
                    </p>,
                    <Form
                      onSubmit={[Function]}
                      tag="form"
                    >
                      <FormGroup
                        row={true}
                        tag="div"
                      >
                        <Label
                          for="email"
                          lg="2"
                          sm="3"
                          tag="label"
                          widths={
                            Array [
                              "xs",
                              "sm",
                              "md",
                              "lg",
                              "xl",
                            ]
                          }
                        >
                          Email
                        </Label>
                        <Col
                          sm="6"
                          tag="div"
                          widths={
                            Array [
                              "xs",
                              "sm",
                              "md",
                              "lg",
                              "xl",
                            ]
                          }
                        >
                          <Input
                            className=""
                            id="email"
                            onChange={[Function]}
                            placeholder="Email address"
                            required={true}
                            type="email"
                            value=""
                          />
                        </Col>
                      </FormGroup>
                      <FormGroup
                        className="spacer"
                        row={true}
                        tag="div"
                      >
                        <Label
                          for="password"
                          lg="2"
                          sm="3"
                          tag="label"
                          widths={
                            Array [
                              "xs",
                              "sm",
                              "md",
                              "lg",
                              "xl",
                            ]
                          }
                        >
                          Password
                        </Label>
                        <Col
                          sm="6"
                          tag="div"
                          widths={
                            Array [
                              "xs",
                              "sm",
                              "md",
                              "lg",
                              "xl",
                            ]
                          }
                        >
                          <Input
                            className=""
                            id="password"
                            minLength="8"
                            onChange={[Function]}
                            placeholder="Password"
                            required={true}
                            type="password"
                            value=""
                          />
                        </Col>
                      </FormGroup>
                      <FormGroup
                        className="spacer"
                        tag="div"
                      >
                        <Button
                          className="loginButton"
                          color="secondary"
                          tag="button"
                        >
                          Log in
                        </Button>
                      </FormGroup>
                    </Form>,
                  ],
                  "className": "spacer",
                  "md": "8",
                  "sm": "12",
                  "tag": "div",
                  "widths": Array [
                    "xs",
                    "sm",
                    "md",
                    "lg",
                    "xl",
                  ],
                },
                "ref": null,
                "rendered": Array [
                  Object {
                    "instance": null,
                    "key": undefined,
                    "nodeType": "host",
                    "props": Object {
                      "children": "Sign in with your email and password.",
                    },
                    "ref": null,
                    "rendered": "Sign in with your email and password.",
                    "type": "p",
                  },
                  Object {
                    "instance": null,
                    "key": undefined,
                    "nodeType": "class",
                    "props": Object {
                      "children": Array [
                        <FormGroup
                          row={true}
                          tag="div"
                        >
                          <Label
                            for="email"
                            lg="2"
                            sm="3"
                            tag="label"
                            widths={
                              Array [
                                "xs",
                                "sm",
                                "md",
                                "lg",
                                "xl",
                              ]
                            }
                          >
                            Email
                          </Label>
                          <Col
                            sm="6"
                            tag="div"
                            widths={
                              Array [
                                "xs",
                                "sm",
                                "md",
                                "lg",
                                "xl",
                              ]
                            }
                          >
                            <Input
                              className=""
                              id="email"
                              onChange={[Function]}
                              placeholder="Email address"
                              required={true}
                              type="email"
                              value=""
                            />
                          </Col>
                        </FormGroup>,
                        <FormGroup
                          className="spacer"
                          row={true}
                          tag="div"
                        >
                          <Label
                            for="password"
                            lg="2"
                            sm="3"
                            tag="label"
                            widths={
                              Array [
                                "xs",
                                "sm",
                                "md",
                                "lg",
                                "xl",
                              ]
                            }
                          >
                            Password
                          </Label>
                          <Col
                            sm="6"
                            tag="div"
                            widths={
                              Array [
                                "xs",
                                "sm",
                                "md",
                                "lg",
                                "xl",
                              ]
                            }
                          >
                            <Input
                              className=""
                              id="password"
                              minLength="8"
                              onChange={[Function]}
                              placeholder="Password"
                              required={true}
                              type="password"
                              value=""
                            />
                          </Col>
                        </FormGroup>,
                        <FormGroup
                          className="spacer"
                          tag="div"
                        >
                          <Button
                            className="loginButton"
                            color="secondary"
                            tag="button"
                          >
                            Log in
                          </Button>
                        </FormGroup>,
                      ],
                      "onSubmit": [Function],
                      "tag": "form",
                    },
                    "ref": null,
                    "rendered": Array [
                      Object {
                        "instance": null,
                        "key": undefined,
                        "nodeType": "function",
                        "props": Object {
                          "children": Array [
                            <Label
                              for="email"
                              lg="2"
                              sm="3"
                              tag="label"
                              widths={
                                Array [
                                  "xs",
                                  "sm",
                                  "md",
                                  "lg",
                                  "xl",
                                ]
                              }
                            >
                              Email
                            </Label>,
                            <Col
                              sm="6"
                              tag="div"
                              widths={
                                Array [
                                  "xs",
                                  "sm",
                                  "md",
                                  "lg",
                                  "xl",
                                ]
                              }
                            >
                              <Input
                                className=""
                                id="email"
                                onChange={[Function]}
                                placeholder="Email address"
                                required={true}
                                type="email"
                                value=""
                              />
                            </Col>,
                          ],
                          "row": true,
                          "tag": "div",
                        },
                        "ref": null,
                        "rendered": Array [
                          Object {
                            "instance": null,
                            "key": undefined,
                            "nodeType": "function",
                            "props": Object {
                              "children": "Email",
                              "for": "email",
                              "lg": "2",
                              "sm": "3",
                              "tag": "label",
                              "widths": Array [
                                "xs",
                                "sm",
                                "md",
                                "lg",
                                "xl",
                              ],
                            },
                            "ref": null,
                            "rendered": "Email",
                            "type": [Function],
                          },
                          Object {
                            "instance": null,
                            "key": undefined,
                            "nodeType": "function",
                            "props": Object {
                              "children": <Input
                                className=""
                                id="email"
                                onChange={[Function]}
                                placeholder="Email address"
                                required={true}
                                type="email"
                                value=""
                              />,
                              "sm": "6",
                              "tag": "div",
                              "widths": Array [
                                "xs",
                                "sm",
                                "md",
                                "lg",
                                "xl",
                              ],
                            },
                            "ref": null,
                            "rendered": Object {
                              "instance": null,
                              "key": undefined,
                              "nodeType": "class",
                              "props": Object {
                                "className": "",
                                "id": "email",
                                "onChange": [Function],
                                "placeholder": "Email address",
                                "required": true,
                                "type": "email",
                                "value": "",
                              },
                              "ref": null,
                              "rendered": null,
                              "type": [Function],
                            },
                            "type": [Function],
                          },
                        ],
                        "type": [Function],
                      },
                      Object {
                        "instance": null,
                        "key": undefined,
                        "nodeType": "function",
                        "props": Object {
                          "children": Array [
                            <Label
                              for="password"
                              lg="2"
                              sm="3"
                              tag="label"
                              widths={
                                Array [
                                  "xs",
                                  "sm",
                                  "md",
                                  "lg",
                                  "xl",
                                ]
                              }
                            >
                              Password
                            </Label>,
                            <Col
                              sm="6"
                              tag="div"
                              widths={
                                Array [
                                  "xs",
                                  "sm",
                                  "md",
                                  "lg",
                                  "xl",
                                ]
                              }
                            >
                              <Input
                                className=""
                                id="password"
                                minLength="8"
                                onChange={[Function]}
                                placeholder="Password"
                                required={true}
                                type="password"
                                value=""
                              />
                            </Col>,
                          ],
                          "className": "spacer",
                          "row": true,
                          "tag": "div",
                        },
                        "ref": null,
                        "rendered": Array [
                          Object {
                            "instance": null,
                            "key": undefined,
                            "nodeType": "function",
                            "props": Object {
                              "children": "Password",
                              "for": "password",
                              "lg": "2",
                              "sm": "3",
                              "tag": "label",
                              "widths": Array [
                                "xs",
                                "sm",
                                "md",
                                "lg",
                                "xl",
                              ],
                            },
                            "ref": null,
                            "rendered": "Password",
                            "type": [Function],
                          },
                          Object {
                            "instance": null,
                            "key": undefined,
                            "nodeType": "function",
                            "props": Object {
                              "children": <Input
                                className=""
                                id="password"
                                minLength="8"
                                onChange={[Function]}
                                placeholder="Password"
                                required={true}
                                type="password"
                                value=""
                              />,
                              "sm": "6",
                              "tag": "div",
                              "widths": Array [
                                "xs",
                                "sm",
                                "md",
                                "lg",
                                "xl",
                              ],
                            },
                            "ref": null,
                            "rendered": Object {
                              "instance": null,
                              "key": undefined,
                              "nodeType": "class",
                              "props": Object {
                                "className": "",
                                "id": "password",
                                "minLength": "8",
                                "onChange": [Function],
                                "placeholder": "Password",
                                "required": true,
                                "type": "password",
                                "value": "",
                              },
                              "ref": null,
                              "rendered": null,
                              "type": [Function],
                            },
                            "type": [Function],
                          },
                        ],
                        "type": [Function],
                      },
                      Object {
                        "instance": null,
                        "key": undefined,
                        "nodeType": "function",
                        "props": Object {
                          "children": <Button
                            className="loginButton"
                            color="secondary"
                            tag="button"
                          >
                            Log in
                          </Button>,
                          "className": "spacer",
                          "tag": "div",
                        },
                        "ref": null,
                        "rendered": Object {
                          "instance": null,
                          "key": undefined,
                          "nodeType": "class",
                          "props": Object {
                            "children": "Log in",
                            "className": "loginButton",
                            "color": "secondary",
                            "tag": "button",
                          },
                          "ref": null,
                          "rendered": "Log in",
                          "type": [Function],
                        },
                        "type": [Function],
                      },
                    ],
                    "type": [Function],
                  },
                ],
                "type": [Function],
              },
              Object {
                "instance": null,
                "key": undefined,
                "nodeType": "function",
                "props": Object {
                  "children": Array [
                    <p>
                      If you don't have an account you can make one now. It's free!
                    </p>,
                    <Link
                      replace={false}
                      to="/account/create"
                    >
                      <Button
                        className="loginButton"
                        color="secondary"
                        tag="button"
                      >
                        Create Account
                      </Button>
                    </Link>,
                  ],
                  "md": "4",
                  "sm": "12",
                  "tag": "div",
                  "widths": Array [
                    "xs",
                    "sm",
                    "md",
                    "lg",
                    "xl",
                  ],
                },
                "ref": null,
                "rendered": Array [
                  Object {
                    "instance": null,
                    "key": undefined,
                    "nodeType": "host",
                    "props": Object {
                      "children": "If you don't have an account you can make one now. It's free!",
                    },
                    "ref": null,
                    "rendered": "If you don't have an account you can make one now. It's free!",
                    "type": "p",
                  },
                  Object {
                    "instance": null,
                    "key": undefined,
                    "nodeType": "class",
                    "props": Object {
                      "children": <Button
                        className="loginButton"
                        color="secondary"
                        tag="button"
                      >
                        Create Account
                      </Button>,
                      "replace": false,
                      "to": "/account/create",
                    },
                    "ref": null,
                    "rendered": Object {
                      "instance": null,
                      "key": undefined,
                      "nodeType": "class",
                      "props": Object {
                        "children": "Create Account",
                        "className": "loginButton",
                        "color": "secondary",
                        "tag": "button",
                      },
                      "ref": null,
                      "rendered": "Create Account",
                      "type": [Function],
                    },
                    "type": [Function],
                  },
                ],
                "type": [Function],
              },
            ],
            "type": [Function],
          },
        ],
        "type": [Function],
      },
      "type": [Function],
    },
  ],
  Symbol(enzyme.__options__): Object {
    "adapter": ReactSixteenAdapter {
      "options": Object {
        "enableComponentDidUpdateOnSetState": true,
        "legacyContextMode": "parent",
        "lifecycles": Object {
          "componentDidUpdate": Object {
            "onSetState": true,
          },
          "getChildContext": Object {
            "calledByRenderer": false,
          },
          "getDerivedStateFromProps": Object {
            "hasShouldComponentUpdateBug": false,
          },
          "getSnapshotBeforeUpdate": true,
          "setState": Object {
            "skipsComponentDidUpdateOnNullish": true,
          },
        },
      },
    },
  },
  Symbol(enzyme.__childContext__): null,
}
`;
